Copyright 1986-2018 Xilinx, Inc. All Rights Reserved.
----------------------------------------------------------------------------------------------------------------------------------------------
| Tool Version : Vivado v.2018.2 (win64) Build 2258646 Thu Jun 14 20:03:12 MDT 2018
| Date         : Fri Sep 18 08:50:19 2026
| Host         : LAPTOP-BJ1ENC3S running 64-bit major release  (build 9200)
| Command      : report_timing_summary -file {D:/ITI_Summer_2026/ITI Summer Project/Final_Submission/Reports/SYN/Synthesis_Timing_Report.rpt}
| Design       : css_phy_transmitter
| Device       : 7z020-clg484
| Speed File   : -1  PRODUCTION 1.11 2014-09-11
----------------------------------------------------------------------------------------------------------------------------------------------

Timing Summary Report

------------------------------------------------------------------------------------------------
| Timer Settings
| --------------
------------------------------------------------------------------------------------------------

  Enable Multi Corner Analysis               :  Yes
  Enable Pessimism Removal                   :  Yes
  Pessimism Removal Resolution               :  Nearest Common Node
  Enable Input Delay Default Clock           :  No
  Enable Preset / Clear Arcs                 :  No
  Disable Flight Delays                      :  No
  Ignore I/O Paths                           :  No
  Timing Early Launch at Borrowing Latches   :  false

  Corner  Analyze    Analyze    
  Name    Max Paths  Min Paths  
  ------  ---------  ---------  
  Slow    Yes        Yes        
  Fast    Yes        Yes        



check_timing report

Table of Contents
-----------------
1. checking no_clock
2. checking constant_clock
3. checking pulse_width_clock
4. checking unconstrained_internal_endpoints
5. checking no_input_delay
6. checking no_output_delay
7. checking multiple_clock
8. checking generated_clocks
9. checking loops
10. checking partial_input_delay
11. checking partial_output_delay
12. checking latch_loops

1. checking no_clock
--------------------
 There are 0 register/latch pins with no clock.


2. checking constant_clock
--------------------------
 There are 0 register/latch pins with constant_clock.


3. checking pulse_width_clock
-----------------------------
 There are 0 register/latch pins which need pulse_width check


4. checking unconstrained_internal_endpoints
--------------------------------------------
 There are 0 pins that are not constrained for maximum delay.

 There are 0 pins that are not constrained for maximum delay due to constant clock.


5. checking no_input_delay
--------------------------
 There are 0 input ports with no input delay specified.

 There are 0 input ports with no input delay but user has a false path constraint.


6. checking no_output_delay
---------------------------
 There are 0 ports with no output delay specified.

 There are 0 ports with no output delay but user has a false path constraint

 There are 0 ports with no output delay but with a timing clock defined on it or propagating through it


7. checking multiple_clock
--------------------------
 There are 0 register/latch pins with multiple clocks.


8. checking generated_clocks
----------------------------
 There are 0 generated clocks that are not connected to a clock source.


9. checking loops
-----------------
 There are 0 combinational loops in the design.


10. checking partial_input_delay
--------------------------------
 There are 0 input ports with partial input delay specified.


11. checking partial_output_delay
---------------------------------
 There are 0 ports with partial output delay specified.


12. checking latch_loops
------------------------
 There are 0 combinational latch loops in the design through latch input



------------------------------------------------------------------------------------------------
| Design Timing Summary
| ---------------------
------------------------------------------------------------------------------------------------

    WNS(ns)      TNS(ns)  TNS Failing Endpoints  TNS Total Endpoints      WHS(ns)      THS(ns)  THS Failing Endpoints  THS Total Endpoints     WPWS(ns)     TPWS(ns)  TPWS Failing Endpoints  TPWS Total Endpoints  
    -------      -------  ---------------------  -------------------      -------      -------  ---------------------  -------------------     --------     --------  ----------------------  --------------------  
     11.319        0.000                      0                22314        0.107        0.000                      0                22314       13.750        0.000                       0                 10126  


All user specified timing constraints are met.


------------------------------------------------------------------------------------------------
| Clock Summary
| -------------
------------------------------------------------------------------------------------------------

Clock  Waveform(ns)       Period(ns)      Frequency(MHz)
-----  ------------       ----------      --------------
clk    {0.000 15.000}     30.000          33.333          


------------------------------------------------------------------------------------------------
| Intra Clock Table
| -----------------
------------------------------------------------------------------------------------------------

Clock             WNS(ns)      TNS(ns)  TNS Failing Endpoints  TNS Total Endpoints      WHS(ns)      THS(ns)  THS Failing Endpoints  THS Total Endpoints     WPWS(ns)     TPWS(ns)  TPWS Failing Endpoints  TPWS Total Endpoints  
-----             -------      -------  ---------------------  -------------------      -------      -------  ---------------------  -------------------     --------     --------  ----------------------  --------------------  
clk                11.319        0.000                      0                22047        0.107        0.000                      0                22047       13.750        0.000                       0                 10126  


------------------------------------------------------------------------------------------------
| Inter Clock Table
| -----------------
------------------------------------------------------------------------------------------------

From Clock    To Clock          WNS(ns)      TNS(ns)  TNS Failing Endpoints  TNS Total Endpoints      WHS(ns)      THS(ns)  THS Failing Endpoints  THS Total Endpoints  
----------    --------          -------      -------  ---------------------  -------------------      -------      -------  ---------------------  -------------------  


------------------------------------------------------------------------------------------------
| Other Path Groups Table
| -----------------------
------------------------------------------------------------------------------------------------

Path Group         From Clock         To Clock               WNS(ns)      TNS(ns)  TNS Failing Endpoints  TNS Total Endpoints      WHS(ns)      THS(ns)  THS Failing Endpoints  THS Total Endpoints  
----------         ----------         --------               -------      -------  ---------------------  -------------------      -------      -------  ---------------------  -------------------  
**async_default**  clk                clk                     24.872        0.000                      0                  267        3.741        0.000                      0                  267  


------------------------------------------------------------------------------------------------
| Timing Details
| --------------
------------------------------------------------------------------------------------------------


---------------------------------------------------------------------------------------------------
From Clock:  clk
  To Clock:  clk

Setup :            0  Failing Endpoints,  Worst Slack       11.319ns,  Total Violation        0.000ns
Hold  :            0  Failing Endpoints,  Worst Slack        0.107ns,  Total Violation        0.000ns
PW    :            0  Failing Endpoints,  Worst Slack       13.750ns,  Total Violation        0.000ns
---------------------------------------------------------------------------------------------------


Max Delay Paths
--------------------------------------------------------------------------------------
Slack (MET) :             11.319ns  (required time - arrival time)
  Source:                 payloadLength[3]
                            (input port clocked by clk  {rise@0.000ns fall@15.000ns period=30.000ns})
  Destination:            u_zero_padding/total_bits_reg[8]/D
                            (rising edge-triggered cell FDRE clocked by clk  {rise@0.000ns fall@15.000ns period=30.000ns})
  Path Group:             clk
  Path Type:              Setup (Max at Slow Process Corner)
  Requirement:            30.000ns  (clk rise@30.000ns - clk rise@0.000ns)
  Data Path Delay:        16.431ns  (logic 8.403ns (51.143%)  route 8.028ns (48.857%))
  Logic Levels:           26  (CARRY4=13 IBUF=1 LUT2=2 LUT3=1 LUT4=3 LUT5=3 LUT6=3)
  Input Delay:            5.000ns
  Clock Path Skew:        2.709ns (DCD - SCD + CPR)
    Destination Clock Delay (DCD):    2.709ns = ( 32.709 - 30.000 ) 
    Source Clock Delay      (SCD):    0.000ns
    Clock Pessimism Removal (CPR):    0.000ns
  Clock Uncertainty:      0.035ns  ((TSJ^2 + TIJ^2)^1/2 + DJ) / 2 + PE
    Total System Jitter     (TSJ):    0.071ns
    Total Input Jitter      (TIJ):    0.000ns
    Discrete Jitter          (DJ):    0.000ns
    Phase Error              (PE):    0.000ns

    Location             Delay type                Incr(ns)  Path(ns)    Netlist Resource(s)
  -------------------------------------------------------------------    -------------------
                         (clock clk rise edge)        0.000     0.000 r  
                         input delay                  5.000     5.000    
    F21                                               0.000     5.000 r  payloadLength[3] (IN)
                         net (fo=0)                   0.000     5.000    payloadLength[3]
    F21                  IBUF (Prop_ibuf_I_O)         0.989     5.989 r  payloadLength_IBUF[3]_inst/O
                         net (fo=16, unplaced)        0.800     6.789    payloadLength_IBUF[3]
                         LUT6 (Prop_lut6_I5_O)        0.124     6.913 r  total_bits[3]_i_114/O
                         net (fo=4, unplaced)         0.473     7.386    total_bits[3]_i_114_n_0
                         LUT2 (Prop_lut2_I1_O)        0.116     7.502 r  total_bits[3]_i_113/O
                         net (fo=5, unplaced)         0.477     7.979    total_bits[3]_i_113_n_0
                         LUT6 (Prop_lut6_I0_O)        0.124     8.103 r  total_bits[3]_i_83/O
                         net (fo=2, unplaced)         0.460     8.563    total_bits[3]_i_83_n_0
                         LUT6 (Prop_lut6_I5_O)        0.124     8.687 r  total_bits[3]_i_48/O
                         net (fo=2, unplaced)         0.650     9.337    total_bits[3]_i_48_n_0
                         CARRY4 (Prop_carry4_DI[1]_O[2])
                                                      0.566     9.903 r  total_bits_reg[3]_i_31/O[2]
                         net (fo=1, unplaced)         0.452    10.355    total_bits_reg[3]_i_31_n_5
                         LUT2 (Prop_lut2_I1_O)        0.301    10.656 r  total_bits[3]_i_29/O
                         net (fo=1, unplaced)         0.000    10.656    total_bits[3]_i_29_n_0
                         CARRY4 (Prop_carry4_S[2]_O[2])
                                                      0.250    10.906 r  total_bits_reg[3]_i_14/O[2]
                         net (fo=1, unplaced)         0.452    11.358    total_bits_reg[3]_i_14_n_5
                         LUT4 (Prop_lut4_I3_O)        0.301    11.659 r  total_bits[3]_i_26/O
                         net (fo=1, unplaced)         0.000    11.659    total_bits[3]_i_26_n_0
                         CARRY4 (Prop_carry4_S[2]_O[2])
                                                      0.250    11.909 r  total_bits_reg[3]_i_13/O[2]
                         net (fo=44, unplaced)        0.501    12.410    total_bits_reg[3]_i_13_n_5
                         LUT4 (Prop_lut4_I0_O)        0.301    12.711 r  total_bits[3]_i_15/O
                         net (fo=77, unplaced)        0.542    13.253    total_bits2[23]
                         LUT5 (Prop_lut5_I0_O)        0.124    13.377 r  total_bits[3]_i_42/O
                         net (fo=10, unplaced)        0.682    14.059    total_bits[3]_i_42_n_0
                         CARRY4 (Prop_carry4_DI[1]_O[3])
                                                      0.629    14.688 r  total_bits_reg[3]_i_137/O[3]
                         net (fo=2, unplaced)         0.629    15.317    total_bits_reg[3]_i_137_n_4
                         LUT3 (Prop_lut3_I0_O)        0.307    15.624 r  total_bits[3]_i_116/O
                         net (fo=2, unplaced)         0.430    16.054    total_bits[3]_i_116_n_0
                         LUT5 (Prop_lut5_I0_O)        0.124    16.178 r  total_bits[3]_i_120/O
                         net (fo=1, unplaced)         0.000    16.178    total_bits[3]_i_120_n_0
                         CARRY4 (Prop_carry4_S[3]_CO[3])
                                                      0.376    16.554 r  total_bits_reg[3]_i_90/CO[3]
                         net (fo=1, unplaced)         0.000    16.554    total_bits_reg[3]_i_90_n_0
                         CARRY4 (Prop_carry4_CI_CO[3])
                                                      0.117    16.671 r  total_bits_reg[3]_i_54/CO[3]
                         net (fo=1, unplaced)         0.000    16.671    total_bits_reg[3]_i_54_n_0
                         CARRY4 (Prop_carry4_CI_CO[3])
                                                      0.117    16.788 r  total_bits_reg[3]_i_33/CO[3]
                         net (fo=1, unplaced)         0.000    16.788    total_bits_reg[3]_i_33_n_0
                         CARRY4 (Prop_carry4_CI_CO[3])
                                                      0.117    16.905 r  total_bits_reg[3]_i_17/CO[3]
                         net (fo=1, unplaced)         0.000    16.905    total_bits_reg[3]_i_17_n_0
                         CARRY4 (Prop_carry4_CI_O[2])
                                                      0.256    17.161 r  total_bits_reg[3]_i_12/O[2]
                         net (fo=2, unplaced)         0.679    17.840    total_bits_reg[3]_i_12_n_5
                         CARRY4 (Prop_carry4_S[0]_O[1])
                                                      0.728    18.568 r  total_bits_reg[3]_i_3/O[1]
                         net (fo=1, unplaced)         0.312    18.880    total_bits_reg[3]_i_3_n_6
                         LUT5 (Prop_lut5_I4_O)        0.306    19.186 r  total_bits[3]_i_8/O
                         net (fo=1, unplaced)         0.000    19.186    total_bits[3]_i_8_n_0
                         CARRY4 (Prop_carry4_S[1]_O[2])
                                                      0.578    19.764 r  total_bits_reg[3]_i_2/O[2]
                         net (fo=5, unplaced)         0.480    20.244    u_zero_padding/O[1]
                         LUT4 (Prop_lut4_I1_O)        0.294    20.538 r  u_zero_padding/total_bits[6]_i_2/O
                         net (fo=1, unplaced)         0.000    20.538    u_zero_padding/total_bits[6]_i_2_n_0
                         CARRY4 (Prop_carry4_DI[1]_CO[3])
                                                      0.547    21.085 r  u_zero_padding/total_bits_reg[6]_i_1/CO[3]
                         net (fo=1, unplaced)         0.009    21.094    u_zero_padding/total_bits_reg[6]_i_1_n_0
                         CARRY4 (Prop_carry4_CI_O[1])
                                                      0.337    21.431 r  u_zero_padding/total_bits_reg[10]_i_1/O[1]
                         net (fo=1, unplaced)         0.000    21.431    u_zero_padding/total_bits0[8]
                         FDRE                                         r  u_zero_padding/total_bits_reg[8]/D
  -------------------------------------------------------------------    -------------------

                         (clock clk rise edge)       30.000    30.000 r  
    Y9                                                0.000    30.000 r  clk (IN)
                         net (fo=0)                   0.000    30.000    clk
    Y9                   IBUF (Prop_ibuf_I_O)         1.420    31.420 r  clk_IBUF_inst/O
                         net (fo=1, unplaced)         0.760    32.179    clk_IBUF
                         BUFG (Prop_bufg_I_O)         0.091    32.270 r  clk_IBUF_BUFG_inst/O
                         net (fo=10125, unplaced)     0.439    32.709    u_zero_padding/clk_IBUF_BUFG
                         FDRE                                         r  u_zero_padding/total_bits_reg[8]/C
                         clock pessimism              0.000    32.709    
                         clock uncertainty           -0.035    32.674    
                         FDRE (Setup_fdre_C_D)        0.076    32.750    u_zero_padding/total_bits_reg[8]
  -------------------------------------------------------------------
                         required time                         32.750    
                         arrival time                         -21.431    
  -------------------------------------------------------------------
                         slack                                 11.319    





Min Delay Paths
--------------------------------------------------------------------------------------
Slack (MET) :             0.107ns  (arrival time - required time)
  Source:                 u_dqpsk_encoder/out_phase_reg[0]/C
                            (rising edge-triggered cell FDRE clocked by clk  {rise@0.000ns fall@15.000ns period=30.000ns})
  Destination:            u_chirp_gap_engine/fifo_mem_reg_0_63_0_2/RAMA/I
                            (rising edge-triggered cell RAMD64E clocked by clk  {rise@0.000ns fall@15.000ns period=30.000ns})
  Path Group:             clk
  Path Type:              Hold (Min at Fast Process Corner)
  Requirement:            0.000ns  (clk rise@0.000ns - clk rise@0.000ns)
  Data Path Delay:        0.346ns  (logic 0.147ns (42.439%)  route 0.199ns (57.561%))
  Logic Levels:           0  
  Clock Path Skew:        0.145ns (DCD - SCD - CPR)
    Destination Clock Delay (DCD):    1.089ns
    Source Clock Delay      (SCD):    0.735ns
    Clock Pessimism Removal (CPR):    0.209ns

    Location             Delay type                Incr(ns)  Path(ns)    Netlist Resource(s)
  -------------------------------------------------------------------    -------------------
                         (clock clk rise edge)        0.000     0.000 r  
    Y9                                                0.000     0.000 r  clk (IN)
                         net (fo=0)                   0.000     0.000    clk
    Y9                   IBUF (Prop_ibuf_I_O)         0.258     0.258 r  clk_IBUF_inst/O
                         net (fo=1, unplaced)         0.337     0.595    clk_IBUF
                         BUFG (Prop_bufg_I_O)         0.026     0.621 r  clk_IBUF_BUFG_inst/O
                         net (fo=10125, unplaced)     0.114     0.735    u_dqpsk_encoder/clk_IBUF_BUFG
                         FDRE                                         r  u_dqpsk_encoder/out_phase_reg[0]/C
  -------------------------------------------------------------------    -------------------
                         FDRE (Prop_fdre_C_Q)         0.147     0.882 r  u_dqpsk_encoder/out_phase_reg[0]/Q
                         net (fo=65, unplaced)        0.199     1.082    u_chirp_gap_engine/fifo_mem_reg_0_63_0_2/DIA
                         RAMD64E                                      r  u_chirp_gap_engine/fifo_mem_reg_0_63_0_2/RAMA/I
  -------------------------------------------------------------------    -------------------

                         (clock clk rise edge)        0.000     0.000 r  
    Y9                                                0.000     0.000 r  clk (IN)
                         net (fo=0)                   0.000     0.000    clk
    Y9                   IBUF (Prop_ibuf_I_O)         0.446     0.446 r  clk_IBUF_inst/O
                         net (fo=1, unplaced)         0.355     0.801    clk_IBUF
                         BUFG (Prop_bufg_I_O)         0.029     0.830 r  clk_IBUF_BUFG_inst/O
                         net (fo=10125, unplaced)     0.259     1.089    u_chirp_gap_engine/fifo_mem_reg_0_63_0_2/WCLK
                         RAMD64E                                      r  u_chirp_gap_engine/fifo_mem_reg_0_63_0_2/RAMA/CLK
                         clock pessimism             -0.209     0.880    
                         RAMD64E (Hold_ramd64e_CLK_I)
                                                      0.094     0.974    u_chirp_gap_engine/fifo_mem_reg_0_63_0_2/RAMA
  -------------------------------------------------------------------
                         required time                         -0.974    
                         arrival time                           1.082    
  -------------------------------------------------------------------
                         slack                                  0.107    





Pulse Width Checks
--------------------------------------------------------------------------------------
Clock Name:         clk
Waveform(ns):       { 0.000 15.000 }
Period(ns):         30.000
Sources:            { clk }

Check Type        Corner  Lib Pin             Reference Pin  Required(ns)  Actual(ns)  Slack(ns)  Location  Pin
Min Period        n/a     RAMB18E1/CLKARDCLK  n/a            2.576         30.000      27.424               u_i_symbol_mapper/data_out_reg/CLKARDCLK
Low Pulse Width   Fast    RAMD64E/CLK         n/a            1.250         15.000      13.750               u_chirp_gap_engine/fifo_mem_reg_2752_2815_0_2/RAMD/CLK
High Pulse Width  Slow    RAMD64E/CLK         n/a            1.250         15.000      13.750               u_chirp_gap_engine/fifo_mem_reg_2752_2815_0_2/RAMD/CLK



---------------------------------------------------------------------------------------------------
Path Group:  **async_default**
From Clock:  clk
  To Clock:  clk

Setup :            0  Failing Endpoints,  Worst Slack       24.872ns,  Total Violation        0.000ns
Hold  :            0  Failing Endpoints,  Worst Slack        3.741ns,  Total Violation        0.000ns
---------------------------------------------------------------------------------------------------


Max Delay Paths
--------------------------------------------------------------------------------------
Slack (MET) :             24.872ns  (required time - arrival time)
  Source:                 reset
                            (input port clocked by clk  {rise@0.000ns fall@15.000ns period=30.000ns})
  Destination:            u_chirp_gap_engine/symbols_consumed_reg[0]/CLR
                            (recovery check against rising-edge clock clk  {rise@0.000ns fall@15.000ns period=30.000ns})
  Path Group:             **async_default**
  Path Type:              Recovery (Max at Fast Process Corner)
  Requirement:            30.000ns  (clk rise@30.000ns - clk rise@0.000ns)
  Data Path Delay:        0.706ns  (logic 0.351ns (49.710%)  route 0.355ns (50.290%))
  Logic Levels:           1  (IBUF=1)
  Input Delay:            5.000ns
  Clock Path Skew:        0.735ns (DCD - SCD + CPR)
    Destination Clock Delay (DCD):    0.735ns = ( 30.735 - 30.000 ) 
    Source Clock Delay      (SCD):    0.000ns
    Clock Pessimism Removal (CPR):    0.000ns
  Clock Uncertainty:      0.035ns  ((TSJ^2 + TIJ^2)^1/2 + DJ) / 2 + PE
    Total System Jitter     (TSJ):    0.071ns
    Total Input Jitter      (TIJ):    0.000ns
    Discrete Jitter          (DJ):    0.000ns
    Phase Error              (PE):    0.000ns

    Location             Delay type                Incr(ns)  Path(ns)    Netlist Resource(s)
  -------------------------------------------------------------------    -------------------
                         (clock clk rise edge)        0.000     0.000 r  
                         input delay                  5.000     5.000    
    P16                                               0.000     5.000 f  reset (IN)
                         net (fo=0)                   0.000     5.000    reset
    P16                  IBUF (Prop_ibuf_I_O)         0.351     5.351 f  reset_IBUF_inst/O
                         net (fo=1569, unplaced)      0.355     5.706    u_chirp_gap_engine/reset_IBUF
                         FDCE                                         f  u_chirp_gap_engine/symbols_consumed_reg[0]/CLR
  -------------------------------------------------------------------    -------------------

                         (clock clk rise edge)       30.000    30.000 r  
    Y9                                                0.000    30.000 r  clk (IN)
                         net (fo=0)                   0.000    30.000    clk
    Y9                   IBUF (Prop_ibuf_I_O)         0.258    30.258 r  clk_IBUF_inst/O
                         net (fo=1, unplaced)         0.337    30.595    clk_IBUF
                         BUFG (Prop_bufg_I_O)         0.026    30.621 r  clk_IBUF_BUFG_inst/O
                         net (fo=10125, unplaced)     0.114    30.735    u_chirp_gap_engine/clk_IBUF_BUFG
                         FDCE                                         r  u_chirp_gap_engine/symbols_consumed_reg[0]/C
                         clock pessimism              0.000    30.735    
                         clock uncertainty           -0.035    30.700    
                         FDCE (Recov_fdce_C_CLR)     -0.122    30.578    u_chirp_gap_engine/symbols_consumed_reg[0]
  -------------------------------------------------------------------
                         required time                         30.578    
                         arrival time                          -5.706    
  -------------------------------------------------------------------
                         slack                                 24.872    





Min Delay Paths
--------------------------------------------------------------------------------------
Slack (MET) :             3.741ns  (arrival time - required time)
  Source:                 reset
                            (input port clocked by clk  {rise@0.000ns fall@15.000ns period=30.000ns})
  Destination:            u_chirp_gap_engine/all_done_reg/CLR
                            (removal check against rising-edge clock clk  {rise@0.000ns fall@15.000ns period=30.000ns})
  Path Group:             **async_default**
  Path Type:              Removal (Min at Slow Process Corner)
  Requirement:            0.000ns  (clk rise@0.000ns - clk rise@0.000ns)
  Data Path Delay:        1.560ns  (logic 0.800ns (51.285%)  route 0.760ns (48.715%))
  Logic Levels:           1  (IBUF=1)
  Input Delay:            5.000ns
  Clock Path Skew:        2.975ns (DCD - SCD - CPR)
    Destination Clock Delay (DCD):    2.975ns
    Source Clock Delay      (SCD):    0.000ns
    Clock Pessimism Removal (CPR):    -0.000ns
  Clock Uncertainty:      0.035ns  ((TSJ^2 + TIJ^2)^1/2 + DJ) / 2 + PE
    Total System Jitter     (TSJ):    0.071ns
    Total Input Jitter      (TIJ):    0.000ns
    Discrete Jitter          (DJ):    0.000ns
    Phase Error              (PE):    0.000ns

    Location             Delay type                Incr(ns)  Path(ns)    Netlist Resource(s)
  -------------------------------------------------------------------    -------------------
                         (clock clk rise edge)        0.000     0.000 r  
                         input delay                  5.000     5.000    
    P16                                               0.000     5.000 f  reset (IN)
                         net (fo=0)                   0.000     5.000    reset
    P16                  IBUF (Prop_ibuf_I_O)         0.800     5.800 f  reset_IBUF_inst/O
                         net (fo=1569, unplaced)      0.760     6.560    u_chirp_gap_engine/reset_IBUF
                         FDCE                                         f  u_chirp_gap_engine/all_done_reg/CLR
  -------------------------------------------------------------------    -------------------

                         (clock clk rise edge)        0.000     0.000 r  
    Y9                                                0.000     0.000 r  clk (IN)
                         net (fo=0)                   0.000     0.000    clk
    Y9                   IBUF (Prop_ibuf_I_O)         1.490     1.490 r  clk_IBUF_inst/O
                         net (fo=1, unplaced)         0.800     2.290    clk_IBUF
                         BUFG (Prop_bufg_I_O)         0.101     2.391 r  clk_IBUF_BUFG_inst/O
                         net (fo=10125, unplaced)     0.584     2.975    u_chirp_gap_engine/clk_IBUF_BUFG
                         FDCE                                         r  u_chirp_gap_engine/all_done_reg/C
                         clock pessimism              0.000     2.975    
                         clock uncertainty            0.035     3.010    
                         FDCE (Remov_fdce_C_CLR)     -0.192     2.818    u_chirp_gap_engine/all_done_reg
  -------------------------------------------------------------------
                         required time                         -2.818    
                         arrival time                           6.560    
  -------------------------------------------------------------------
                         slack                                  3.741    





