Copyright 1986-2018 Xilinx, Inc. All Rights Reserved.
--------------------------------------------------------------------------------------------------------------------------------------------------------------
| Tool Version : Vivado v.2018.2 (win64) Build 2258646 Thu Jun 14 20:03:12 MDT 2018
| Date         : Fri Sep 18 08:49:20 2026
| Host         : LAPTOP-BJ1ENC3S running 64-bit major release  (build 9200)
| Command      : report_timing_summary -file {D:/ITI_Summer_2026/ITI Summer Project/Final_Submission/Reports/Implementation/Implementation_Timing_Report.rpt}
| Design       : css_phy_transmitter
| Device       : 7z020-clg484
| Speed File   : -1  PRODUCTION 1.11 2014-09-11
--------------------------------------------------------------------------------------------------------------------------------------------------------------

Timing Summary Report

------------------------------------------------------------------------------------------------
| Timer Settings
| --------------
------------------------------------------------------------------------------------------------

  Enable Multi Corner Analysis               :  Yes
  Enable Pessimism Removal                   :  Yes
  Pessimism Removal Resolution               :  Nearest Common Node
  Enable Input Delay Default Clock           :  No
  Enable Preset / Clear Arcs                 :  No
  Disable Flight Delays                      :  No
  Ignore I/O Paths                           :  No
  Timing Early Launch at Borrowing Latches   :  false

  Corner  Analyze    Analyze    
  Name    Max Paths  Min Paths  
  ------  ---------  ---------  
  Slow    Yes        Yes        
  Fast    Yes        Yes        



check_timing report

Table of Contents
-----------------
1. checking no_clock
2. checking constant_clock
3. checking pulse_width_clock
4. checking unconstrained_internal_endpoints
5. checking no_input_delay
6. checking no_output_delay
7. checking multiple_clock
8. checking generated_clocks
9. checking loops
10. checking partial_input_delay
11. checking partial_output_delay
12. checking latch_loops

1. checking no_clock
--------------------
 There are 0 register/latch pins with no clock.


2. checking constant_clock
--------------------------
 There are 0 register/latch pins with constant_clock.


3. checking pulse_width_clock
-----------------------------
 There are 0 register/latch pins which need pulse_width check


4. checking unconstrained_internal_endpoints
--------------------------------------------
 There are 0 pins that are not constrained for maximum delay.

 There are 0 pins that are not constrained for maximum delay due to constant clock.


5. checking no_input_delay
--------------------------
 There are 0 input ports with no input delay specified.

 There are 0 input ports with no input delay but user has a false path constraint.


6. checking no_output_delay
---------------------------
 There are 0 ports with no output delay specified.

 There are 0 ports with no output delay but user has a false path constraint

 There are 0 ports with no output delay but with a timing clock defined on it or propagating through it


7. checking multiple_clock
--------------------------
 There are 0 register/latch pins with multiple clocks.


8. checking generated_clocks
----------------------------
 There are 0 generated clocks that are not connected to a clock source.


9. checking loops
-----------------
 There are 0 combinational loops in the design.


10. checking partial_input_delay
--------------------------------
 There are 0 input ports with partial input delay specified.


11. checking partial_output_delay
---------------------------------
 There are 0 ports with partial output delay specified.


12. checking latch_loops
------------------------
 There are 0 combinational latch loops in the design through latch input



------------------------------------------------------------------------------------------------
| Design Timing Summary
| ---------------------
------------------------------------------------------------------------------------------------

    WNS(ns)      TNS(ns)  TNS Failing Endpoints  TNS Total Endpoints      WHS(ns)      THS(ns)  THS Failing Endpoints  THS Total Endpoints     WPWS(ns)     TPWS(ns)  TPWS Failing Endpoints  TPWS Total Endpoints  
    -------      -------  ---------------------  -------------------      -------      -------  ---------------------  -------------------     --------     --------  ----------------------  --------------------  
      8.827        0.000                      0                22318        0.060        0.000                      0                22318       13.750        0.000                       0                 10126  


All user specified timing constraints are met.


------------------------------------------------------------------------------------------------
| Clock Summary
| -------------
------------------------------------------------------------------------------------------------

Clock  Waveform(ns)       Period(ns)      Frequency(MHz)
-----  ------------       ----------      --------------
clk    {0.000 15.000}     30.000          33.333          


------------------------------------------------------------------------------------------------
| Intra Clock Table
| -----------------
------------------------------------------------------------------------------------------------

Clock             WNS(ns)      TNS(ns)  TNS Failing Endpoints  TNS Total Endpoints      WHS(ns)      THS(ns)  THS Failing Endpoints  THS Total Endpoints     WPWS(ns)     TPWS(ns)  TPWS Failing Endpoints  TPWS Total Endpoints  
-----             -------      -------  ---------------------  -------------------      -------      -------  ---------------------  -------------------     --------     --------  ----------------------  --------------------  
clk                 8.827        0.000                      0                22051        0.060        0.000                      0                22051       13.750        0.000                       0                 10126  


------------------------------------------------------------------------------------------------
| Inter Clock Table
| -----------------
------------------------------------------------------------------------------------------------

From Clock    To Clock          WNS(ns)      TNS(ns)  TNS Failing Endpoints  TNS Total Endpoints      WHS(ns)      THS(ns)  THS Failing Endpoints  THS Total Endpoints  
----------    --------          -------      -------  ---------------------  -------------------      -------      -------  ---------------------  -------------------  


------------------------------------------------------------------------------------------------
| Other Path Groups Table
| -----------------------
------------------------------------------------------------------------------------------------

Path Group         From Clock         To Clock               WNS(ns)      TNS(ns)  TNS Failing Endpoints  TNS Total Endpoints      WHS(ns)      THS(ns)  THS Failing Endpoints  THS Total Endpoints  
----------         ----------         --------               -------      -------  ---------------------  -------------------      -------      -------  ---------------------  -------------------  
**async_default**  clk                clk                     19.278        0.000                      0                  267        1.757        0.000                      0                  267  


------------------------------------------------------------------------------------------------
| Timing Details
| --------------
------------------------------------------------------------------------------------------------


---------------------------------------------------------------------------------------------------
From Clock:  clk
  To Clock:  clk

Setup :            0  Failing Endpoints,  Worst Slack        8.827ns,  Total Violation        0.000ns
Hold  :            0  Failing Endpoints,  Worst Slack        0.060ns,  Total Violation        0.000ns
PW    :            0  Failing Endpoints,  Worst Slack       13.750ns,  Total Violation        0.000ns
---------------------------------------------------------------------------------------------------


Max Delay Paths
--------------------------------------------------------------------------------------
Slack (MET) :             8.827ns  (required time - arrival time)
  Source:                 payloadLength[4]
                            (input port clocked by clk  {rise@0.000ns fall@15.000ns period=30.000ns})
  Destination:            u_zero_padding/total_bits_reg[6]/D
                            (rising edge-triggered cell FDRE clocked by clk  {rise@0.000ns fall@15.000ns period=30.000ns})
  Path Group:             clk
  Path Type:              Setup (Max at Slow Process Corner)
  Requirement:            30.000ns  (clk rise@30.000ns - clk rise@0.000ns)
  Data Path Delay:        20.983ns  (logic 8.547ns (40.731%)  route 12.436ns (59.269%))
  Logic Levels:           23  (CARRY4=10 IBUF=1 LUT2=1 LUT3=1 LUT4=2 LUT5=5 LUT6=3)
  Input Delay:            5.000ns
  Clock Path Skew:        5.091ns (DCD - SCD + CPR)
    Destination Clock Delay (DCD):    5.091ns = ( 35.091 - 30.000 ) 
    Source Clock Delay      (SCD):    0.000ns
    Clock Pessimism Removal (CPR):    0.000ns
  Clock Uncertainty:      0.035ns  ((TSJ^2 + TIJ^2)^1/2 + DJ) / 2 + PE
    Total System Jitter     (TSJ):    0.071ns
    Total Input Jitter      (TIJ):    0.000ns
    Discrete Jitter          (DJ):    0.000ns
    Phase Error              (PE):    0.000ns

    Location             Delay type                Incr(ns)  Path(ns)    Netlist Resource(s)
  -------------------------------------------------------------------    -------------------
                         (clock clk rise edge)        0.000     0.000 r  
                         input delay                  5.000     5.000    
    H19                                               0.000     5.000 r  payloadLength[4] (IN)
                         net (fo=0)                   0.000     5.000    payloadLength[4]
    H19                  IBUF (Prop_ibuf_I_O)         0.919     5.919 r  payloadLength_IBUF[4]_inst/O
                         net (fo=14, routed)          2.915     8.834    payloadLength_IBUF[4]
    SLICE_X104Y59        LUT6 (Prop_lut6_I1_O)        0.124     8.958 r  total_bits[3]_i_114/O
                         net (fo=4, routed)           0.437     9.395    total_bits[3]_i_114_n_0
    SLICE_X102Y59        LUT2 (Prop_lut2_I1_O)        0.124     9.519 r  total_bits[3]_i_113/O
                         net (fo=5, routed)           0.347     9.866    total_bits[3]_i_113_n_0
    SLICE_X102Y58        LUT6 (Prop_lut6_I5_O)        0.124     9.990 r  total_bits[3]_i_72/O
                         net (fo=2, routed)           0.463    10.453    total_bits[3]_i_72_n_0
    SLICE_X103Y57        LUT4 (Prop_lut4_I3_O)        0.124    10.577 r  total_bits[3]_i_76/O
                         net (fo=1, routed)           0.000    10.577    total_bits[3]_i_76_n_0
    SLICE_X103Y57        CARRY4 (Prop_carry4_S[3]_CO[3])
                                                      0.401    10.978 r  total_bits_reg[3]_i_47/CO[3]
                         net (fo=1, routed)           0.000    10.978    total_bits_reg[3]_i_47_n_0
    SLICE_X103Y58        CARRY4 (Prop_carry4_CI_O[0])
                                                      0.222    11.200 r  total_bits_reg[3]_i_31/O[0]
                         net (fo=2, routed)           0.571    11.771    total_bits_reg[3]_i_31_n_7
    SLICE_X101Y58        CARRY4 (Prop_carry4_S[0]_O[1])
                                                      0.723    12.494 r  total_bits_reg[3]_i_14/O[1]
                         net (fo=1, routed)           0.717    13.211    total_bits_reg[3]_i_14_n_6
    SLICE_X100Y55        LUT3 (Prop_lut3_I2_O)        0.303    13.514 r  total_bits[3]_i_27/O
                         net (fo=1, routed)           0.000    13.514    total_bits[3]_i_27_n_0
    SLICE_X100Y55        CARRY4 (Prop_carry4_S[1]_O[2])
                                                      0.578    14.092 r  total_bits_reg[3]_i_13/O[2]
                         net (fo=44, routed)          0.891    14.984    total_bits_reg[3]_i_13_n_5
    SLICE_X96Y51         LUT4 (Prop_lut4_I0_O)        0.301    15.285 r  total_bits[3]_i_15/O
                         net (fo=78, routed)          0.610    15.895    total_bits2[23]
    SLICE_X96Y51         LUT5 (Prop_lut5_I0_O)        0.124    16.019 r  total_bits[3]_i_42/O
                         net (fo=10, routed)          0.762    16.780    total_bits[3]_i_42_n_0
    SLICE_X97Y54         LUT5 (Prop_lut5_I0_O)        0.124    16.904 r  total_bits[3]_i_69/O
                         net (fo=1, routed)           0.000    16.904    total_bits[3]_i_69_n_0
    SLICE_X97Y54         CARRY4 (Prop_carry4_S[1]_O[3])
                                                      0.640    17.544 r  total_bits_reg[3]_i_45/O[3]
                         net (fo=5, routed)           0.642    18.186    total_bits_reg[3]_i_45_n_4
    SLICE_X100Y54        LUT5 (Prop_lut5_I3_O)        0.306    18.492 r  total_bits[3]_i_34/O
                         net (fo=2, routed)           0.803    19.295    total_bits[3]_i_34_n_0
    SLICE_X99Y54         LUT6 (Prop_lut6_I0_O)        0.124    19.419 r  total_bits[3]_i_37/O
                         net (fo=1, routed)           0.000    19.419    total_bits[3]_i_37_n_0
    SLICE_X99Y54         CARRY4 (Prop_carry4_S[3]_CO[3])
                                                      0.401    19.820 r  total_bits_reg[3]_i_17/CO[3]
                         net (fo=1, routed)           0.000    19.820    total_bits_reg[3]_i_17_n_0
    SLICE_X99Y55         CARRY4 (Prop_carry4_CI_O[2])
                                                      0.239    20.059 r  total_bits_reg[3]_i_12/O[2]
                         net (fo=2, routed)           0.444    20.503    total_bits_reg[3]_i_12_n_5
    SLICE_X96Y55         CARRY4 (Prop_carry4_S[0]_O[1])
                                                      0.729    21.232 r  total_bits_reg[3]_i_3/O[1]
                         net (fo=1, routed)           0.576    21.808    total_bits_reg[3]_i_3_n_6
    SLICE_X96Y53         LUT5 (Prop_lut5_I4_O)        0.306    22.114 r  total_bits[3]_i_8/O
                         net (fo=1, routed)           0.000    22.114    total_bits[3]_i_8_n_0
    SLICE_X96Y53         CARRY4 (Prop_carry4_S[1]_O[2])
                                                      0.578    22.692 r  total_bits_reg[3]_i_2/O[2]
                         net (fo=5, routed)           0.747    23.440    u_zero_padding/O[1]
    SLICE_X93Y53         LUT5 (Prop_lut5_I2_O)        0.301    23.741 r  u_zero_padding/total_bits[6]_i_5/O
                         net (fo=1, routed)           0.663    24.404    u_zero_padding/total_bits[6]_i_5_n_0
    SLICE_X92Y53         CARRY4 (Prop_carry4_S[0]_O[3])
                                                      0.732    25.136 r  u_zero_padding/total_bits_reg[6]_i_1/O[3]
                         net (fo=1, routed)           0.848    25.983    u_zero_padding/total_bits0[6]
    SLICE_X92Y53         FDRE                                         r  u_zero_padding/total_bits_reg[6]/D
  -------------------------------------------------------------------    -------------------

                         (clock clk rise edge)       30.000    30.000 r  
    Y9                                                0.000    30.000 r  clk (IN)
                         net (fo=0)                   0.000    30.000    clk
    Y9                   IBUF (Prop_ibuf_I_O)         1.420    31.420 r  clk_IBUF_inst/O
                         net (fo=1, routed)           1.972    33.392    clk_IBUF
    BUFGCTRL_X0Y0        BUFG (Prop_bufg_I_O)         0.091    33.483 r  clk_IBUF_BUFG_inst/O
                         net (fo=10125, routed)       1.609    35.091    u_zero_padding/clk_IBUF_BUFG
    SLICE_X92Y53         FDRE                                         r  u_zero_padding/total_bits_reg[6]/C
                         clock pessimism              0.000    35.091    
                         clock uncertainty           -0.035    35.056    
    SLICE_X92Y53         FDRE (Setup_fdre_C_D)       -0.246    34.810    u_zero_padding/total_bits_reg[6]
  -------------------------------------------------------------------
                         required time                         34.810    
                         arrival time                         -25.983    
  -------------------------------------------------------------------
                         slack                                  8.827    





Min Delay Paths
--------------------------------------------------------------------------------------
Slack (MET) :             0.060ns  (arrival time - required time)
  Source:                 u_chirp_gap_engine/wr_ptr_reg[0]/C
                            (rising edge-triggered cell FDRE clocked by clk  {rise@0.000ns fall@15.000ns period=30.000ns})
  Destination:            u_chirp_gap_engine/fifo_mem_reg_3200_3263_0_2/RAMA/WADR0
                            (rising edge-triggered cell RAMD64E clocked by clk  {rise@0.000ns fall@15.000ns period=30.000ns})
  Path Group:             clk
  Path Type:              Hold (Min at Fast Process Corner)
  Requirement:            0.000ns  (clk rise@0.000ns - clk rise@0.000ns)
  Data Path Delay:        0.383ns  (logic 0.141ns (36.846%)  route 0.242ns (63.154%))
  Logic Levels:           0  
  Clock Path Skew:        0.013ns (DCD - SCD - CPR)
    Destination Clock Delay (DCD):    2.044ns
    Source Clock Delay      (SCD):    1.527ns
    Clock Pessimism Removal (CPR):    0.504ns

    Location             Delay type                Incr(ns)  Path(ns)    Netlist Resource(s)
  -------------------------------------------------------------------    -------------------
                         (clock clk rise edge)        0.000     0.000 r  
    Y9                                                0.000     0.000 r  clk (IN)
                         net (fo=0)                   0.000     0.000    clk
    Y9                   IBUF (Prop_ibuf_I_O)         0.258     0.258 r  clk_IBUF_inst/O
                         net (fo=1, routed)           0.663     0.921    clk_IBUF
    BUFGCTRL_X0Y0        BUFG (Prop_bufg_I_O)         0.026     0.947 r  clk_IBUF_BUFG_inst/O
                         net (fo=10125, routed)       0.580     1.527    u_chirp_gap_engine/clk_IBUF_BUFG
    SLICE_X59Y51         FDRE                                         r  u_chirp_gap_engine/wr_ptr_reg[0]/C
  -------------------------------------------------------------------    -------------------
    SLICE_X59Y51         FDRE (Prop_fdre_C_Q)         0.141     1.668 r  u_chirp_gap_engine/wr_ptr_reg[0]/Q
                         net (fo=321, routed)         0.242     1.910    u_chirp_gap_engine/fifo_mem_reg_3200_3263_0_2/ADDRD0
    SLICE_X58Y51         RAMD64E                                      r  u_chirp_gap_engine/fifo_mem_reg_3200_3263_0_2/RAMA/WADR0
  -------------------------------------------------------------------    -------------------

                         (clock clk rise edge)        0.000     0.000 r  
    Y9                                                0.000     0.000 r  clk (IN)
                         net (fo=0)                   0.000     0.000    clk
    Y9                   IBUF (Prop_ibuf_I_O)         0.446     0.446 r  clk_IBUF_inst/O
                         net (fo=1, routed)           0.719     1.165    clk_IBUF
    BUFGCTRL_X0Y0        BUFG (Prop_bufg_I_O)         0.029     1.194 r  clk_IBUF_BUFG_inst/O
                         net (fo=10125, routed)       0.850     2.044    u_chirp_gap_engine/fifo_mem_reg_3200_3263_0_2/WCLK
    SLICE_X58Y51         RAMD64E                                      r  u_chirp_gap_engine/fifo_mem_reg_3200_3263_0_2/RAMA/CLK
                         clock pessimism             -0.504     1.540    
    SLICE_X58Y51         RAMD64E (Hold_ramd64e_CLK_WADR0)
                                                      0.310     1.850    u_chirp_gap_engine/fifo_mem_reg_3200_3263_0_2/RAMA
  -------------------------------------------------------------------
                         required time                         -1.850    
                         arrival time                           1.910    
  -------------------------------------------------------------------
                         slack                                  0.060    





Pulse Width Checks
--------------------------------------------------------------------------------------
Clock Name:         clk
Waveform(ns):       { 0.000 15.000 }
Period(ns):         30.000
Sources:            { clk }

Check Type        Corner  Lib Pin             Reference Pin  Required(ns)  Actual(ns)  Slack(ns)  Location      Pin
Min Period        n/a     RAMB18E1/CLKARDCLK  n/a            2.576         30.000      27.424     RAMB18_X4Y28  u_i_symbol_mapper/data_out_reg/CLKARDCLK
Low Pulse Width   Fast    RAMD64E/CLK         n/a            1.250         15.000      13.750     SLICE_X54Y54  u_chirp_gap_engine/fifo_mem_reg_3456_3519_0_2/RAMA/CLK
High Pulse Width  Slow    RAMD64E/CLK         n/a            1.250         15.000      13.750     SLICE_X66Y48  u_chirp_gap_engine/fifo_mem_reg_1024_1087_0_2/RAMA/CLK



---------------------------------------------------------------------------------------------------
Path Group:  **async_default**
From Clock:  clk
  To Clock:  clk

Setup :            0  Failing Endpoints,  Worst Slack       19.278ns,  Total Violation        0.000ns
Hold  :            0  Failing Endpoints,  Worst Slack        1.757ns,  Total Violation        0.000ns
---------------------------------------------------------------------------------------------------


Max Delay Paths
--------------------------------------------------------------------------------------
Slack (MET) :             19.278ns  (required time - arrival time)
  Source:                 reset
                            (input port clocked by clk  {rise@0.000ns fall@15.000ns period=30.000ns})
  Destination:            u_chirp_gap_engine/sample_cnt_reg[0]/CLR
                            (recovery check against rising-edge clock clk  {rise@0.000ns fall@15.000ns period=30.000ns})
  Path Group:             **async_default**
  Path Type:              Recovery (Max at Slow Process Corner)
  Requirement:            30.000ns  (clk rise@30.000ns - clk rise@0.000ns)
  Data Path Delay:        10.317ns  (logic 0.933ns (9.044%)  route 9.384ns (90.956%))
  Logic Levels:           1  (IBUF=1)
  Input Delay:            5.000ns
  Clock Path Skew:        5.035ns (DCD - SCD + CPR)
    Destination Clock Delay (DCD):    5.035ns = ( 35.035 - 30.000 ) 
    Source Clock Delay      (SCD):    0.000ns
    Clock Pessimism Removal (CPR):    0.000ns
  Clock Uncertainty:      0.035ns  ((TSJ^2 + TIJ^2)^1/2 + DJ) / 2 + PE
    Total System Jitter     (TSJ):    0.071ns
    Total Input Jitter      (TIJ):    0.000ns
    Discrete Jitter          (DJ):    0.000ns
    Phase Error              (PE):    0.000ns

    Location             Delay type                Incr(ns)  Path(ns)    Netlist Resource(s)
  -------------------------------------------------------------------    -------------------
                         (clock clk rise edge)        0.000     0.000 r  
                         input delay                  5.000     5.000    
    P16                                               0.000     5.000 f  reset (IN)
                         net (fo=0)                   0.000     5.000    reset
    P16                  IBUF (Prop_ibuf_I_O)         0.933     5.933 f  reset_IBUF_inst/O
                         net (fo=1569, routed)        9.384    15.317    u_chirp_gap_engine/reset_IBUF
    SLICE_X61Y41         FDCE                                         f  u_chirp_gap_engine/sample_cnt_reg[0]/CLR
  -------------------------------------------------------------------    -------------------

                         (clock clk rise edge)       30.000    30.000 r  
    Y9                                                0.000    30.000 r  clk (IN)
                         net (fo=0)                   0.000    30.000    clk
    Y9                   IBUF (Prop_ibuf_I_O)         1.420    31.420 r  clk_IBUF_inst/O
                         net (fo=1, routed)           1.972    33.392    clk_IBUF
    BUFGCTRL_X0Y0        BUFG (Prop_bufg_I_O)         0.091    33.483 r  clk_IBUF_BUFG_inst/O
                         net (fo=10125, routed)       1.552    35.035    u_chirp_gap_engine/clk_IBUF_BUFG
    SLICE_X61Y41         FDCE                                         r  u_chirp_gap_engine/sample_cnt_reg[0]/C
                         clock pessimism              0.000    35.035    
                         clock uncertainty           -0.035    35.000    
    SLICE_X61Y41         FDCE (Recov_fdce_C_CLR)     -0.405    34.595    u_chirp_gap_engine/sample_cnt_reg[0]
  -------------------------------------------------------------------
                         required time                         34.595    
                         arrival time                         -15.317    
  -------------------------------------------------------------------
                         slack                                 19.278    





Min Delay Paths
--------------------------------------------------------------------------------------
Slack (MET) :             1.757ns  (arrival time - required time)
  Source:                 reset
                            (input port clocked by clk  {rise@0.000ns fall@15.000ns period=30.000ns})
  Destination:            u_ppdu/i_shift_reg_reg[34]/CLR
                            (removal check against rising-edge clock clk  {rise@0.000ns fall@15.000ns period=30.000ns})
  Path Group:             **async_default**
  Path Type:              Removal (Min at Slow Process Corner)
  Requirement:            0.000ns  (clk rise@0.000ns - clk rise@0.000ns)
  Data Path Delay:        2.180ns  (logic 0.800ns (36.688%)  route 1.380ns (63.312%))
  Logic Levels:           1  (IBUF=1)
  Input Delay:            5.000ns
  Clock Path Skew:        5.542ns (DCD - SCD - CPR)
    Destination Clock Delay (DCD):    5.542ns
    Source Clock Delay      (SCD):    0.000ns
    Clock Pessimism Removal (CPR):    -0.000ns
  Clock Uncertainty:      0.035ns  ((TSJ^2 + TIJ^2)^1/2 + DJ) / 2 + PE
    Total System Jitter     (TSJ):    0.071ns
    Total Input Jitter      (TIJ):    0.000ns
    Discrete Jitter          (DJ):    0.000ns
    Phase Error              (PE):    0.000ns

    Location             Delay type                Incr(ns)  Path(ns)    Netlist Resource(s)
  -------------------------------------------------------------------    -------------------
                         (clock clk rise edge)        0.000     0.000 r  
                         input delay                  5.000     5.000    
    P16                                               0.000     5.000 f  reset (IN)
                         net (fo=0)                   0.000     5.000    reset
    P16                  IBUF (Prop_ibuf_I_O)         0.800     5.800 f  reset_IBUF_inst/O
                         net (fo=1569, routed)        1.380     7.180    u_ppdu/reset_IBUF
    SLICE_X104Y66        FDCE                                         f  u_ppdu/i_shift_reg_reg[34]/CLR
  -------------------------------------------------------------------    -------------------

                         (clock clk rise edge)        0.000     0.000 r  
    Y9                                                0.000     0.000 r  clk (IN)
                         net (fo=0)                   0.000     0.000    clk
    Y9                   IBUF (Prop_ibuf_I_O)         1.490     1.490 r  clk_IBUF_inst/O
                         net (fo=1, routed)           2.171     3.661    clk_IBUF
    BUFGCTRL_X0Y0        BUFG (Prop_bufg_I_O)         0.101     3.762 r  clk_IBUF_BUFG_inst/O
                         net (fo=10125, routed)       1.780     5.542    u_ppdu/clk_IBUF_BUFG
    SLICE_X104Y66        FDCE                                         r  u_ppdu/i_shift_reg_reg[34]/C
                         clock pessimism              0.000     5.542    
                         clock uncertainty            0.035     5.578    
    SLICE_X104Y66        FDCE (Remov_fdce_C_CLR)     -0.155     5.423    u_ppdu/i_shift_reg_reg[34]
  -------------------------------------------------------------------
                         required time                         -5.423    
                         arrival time                           7.180    
  -------------------------------------------------------------------
                         slack                                  1.757    





